

HI-TECH Software 8051 Macro Assembler V9.60                                Page 1
                                                       Tue Apr 04 13:22:47 2023

     1                           	psect	idata,class=DATA,space=1,limit=080h
     2                           	psect	irdata,class=DATA,limit=080h
     3                           	global	_main
     4                           	signat	_main,88
     5                           	global	stack_internal
     6                           	psect	text,class=CODE
     7                           	psect	text
     8                           	file	"G:\ÖÈÔÐÎÂ~1\ÄÇ\ÏÐ377F~1\1234\project1\mai
                                 n.c"
     9                           	line	4
    10  00110                     _main:
    11  00110  02 03F8            	j	f1411
    12  00113                     f1410:
    13                           ;main.c: 3: void main()
    14                           
    15                           ;main.c: 4: {
    16                           
    17                           ;	var   _i assigned to ?a_main+0
    18                           ;	var   _flag assigned to ?a_main+2
    19                           ;	var   _str assigned to ?a_main+4
    20                           ;main.c: 5: unsigned int i,flag;
    21                           
    22                           ;main.c: 6: unsigned char *str="123456789ABCDEF"
                                 ;
    23                           
    24                           	line	6
    25  00113  75 24  01          	mov	?a_main+4,#high(0+u19)
    26  00116  75 25  00          	mov	?a_main+4+1,#low(0+u19)
    27                           ;main.c: 8: P0 = 0x38;
    28                           
    29                           	line	8
    30  00119  75 80 38           	mov	080h,#56
    31                           ;main.c: 9: P0 = 0x80;
    32                           
    33                           	line	9
    34  0011C  75 80 80           	mov	080h,#128
    35                           ;main.c: 10: P2 = 0x1;
    36                           
    37                           	line	10
    38  0011F  75 A0 01           	mov	0A0h,#1
    39                           ;main.c: 11: P2 = 0x0;
    40                           
    41                           	line	11
    42  00122  75 A0 00           	mov	0A0h,#0
    43                           ;main.c: 13: while(1)
    44                           
    45                           	line	13
    46  00125                     l4:
    47                           ;main.c: 14: {
    48                           
    49                           ;main.c: 15: flag=0;
    50                           
    51                           	line	15
    52  00125  E4                 	clr	a
    53  00126  F5 22              	mov	?a_main+2,a
    54  00128  F5 23              	mov	?a_main+2+1,a
    55                           ;main.c: 16: i = -1;
    56                           
    57                           	line	16
    58  0012A  75 20  FF          	mov	?a_main+0,#high(65535)
    59  0012D  75 21  FF          	mov	?a_main+0+1,#low(65535)
    60                           ;main.c: 17: P3 = 0xFE;
    61                           
    62                           	line	17
    63  00130  75 B0 FE           	mov	0B0h,#254
    64                           ;main.c: 18: if(P1 == 0xFE && flag==0)
    65                           
    66                           	line	18
    67  00133  E5 90              	mov	a,090h
    68  00135  24 02              	add	a,#-(254)
    69  00137  70 0C              	bnz	u11
    70  00139  80 00              	jmp	u10
    71  0013B                     u10:
    72  0013B  E5 23              	mov	a,?a_main+2+1
    73  0013D  45 22              	orl	a,?a_main+2
    74  0013F  70 04              	bnz	u21
    75  00141  80 00              	jmp	u20
    76  00143                     u20:
    77  00143  80 04              	jmp	u30
    78  00145                     u11:
    79  00145                     u21:
    80  00145  80 00              	jmp	u31
    81  00147                     u31:
    82  00147  80 14              	jmp	l6
    83  00149                     u30:
    84                           ;main.c: 19: {
    85                           
    86                           ;main.c: 20: P0=0x01;
    87                           
    88                           	line	20
    89  00149  75 80 01           	mov	080h,#1
    90                           ;main.c: 21: P2=0x3;
    91                           
    92                           	line	21
    93  0014C  75 A0 03           	mov	0A0h,#3
    94                           ;main.c: 22: P2=0x2;
    95                           
    96                           	line	22
    97  0014F  75 A0 02           	mov	0A0h,#2
    98                           ;main.c: 23: i = 0;
    99                           
   100                           	line	23
   101  00152  E4                 	clr	a
   102  00153  F5 20              	mov	?a_main+0,a
   103  00155  F5 21              	mov	?a_main+0+1,a
   104                           ;main.c: 24: flag=1;
   105                           
   106                           	line	24
   107  00157  75 22  00          	mov	?a_main+2,#high(1)
   108  0015A  75 23  01          	mov	?a_main+2+1,#low(1)
   109                           	line	25
   110  0015D                     l6:
   111                           ;main.c: 25: }
   112                           
   113                           ;main.c: 26: if(P1 == 0xFD && flag==0)
   114                           
   115                           	line	26
   116  0015D  E5 90              	mov	a,090h
   117  0015F  24 03              	add	a,#-(253)
   118  00161  70 0C              	bnz	u41
   119  00163  80 00              	jmp	u40
   120  00165                     u40:
   121  00165  E5 23              	mov	a,?a_main+2+1
   122  00167  45 22              	orl	a,?a_main+2
   123  00169  70 04              	bnz	u51
   124  0016B  80 00              	jmp	u50
   125  0016D                     u50:
   126  0016D  80 04              	jmp	u60
   127  0016F                     u41:
   128  0016F                     u51:
   129  0016F  80 00              	jmp	u61
   130  00171                     u61:
   131  00171  80 15              	jmp	l7
   132  00173                     u60:
   133                           ;main.c: 27: {
   134                           
   135                           ;main.c: 28: P0=0x01;
   136                           
   137                           	line	28
   138  00173  75 80 01           	mov	080h,#1
   139                           ;main.c: 29: P2=0x3;
   140                           
   141                           	line	29
   142  00176  75 A0 03           	mov	0A0h,#3
   143                           ;main.c: 30: P2=0x2;
   144                           
   145                           	line	30
   146  00179  75 A0 02           	mov	0A0h,#2
   147                           ;main.c: 31: i = 3;
   148                           
   149                           	line	31
   150  0017C  75 20  00          	mov	?a_main+0,#high(3)
   151  0017F  75 21  03          	mov	?a_main+0+1,#low(3)
   152                           ;main.c: 32: flag=1;
   153                           
   154                           	line	32
   155  00182  75 22  00          	mov	?a_main+2,#high(1)
   156  00185  75 23  01          	mov	?a_main+2+1,#low(1)
   157                           	line	33
   158  00188                     l7:
   159                           ;main.c: 33: }
   160                           
   161                           ;main.c: 34: if(P1 == 0xFB && flag==0)
   162                           
   163                           	line	34
   164  00188  E5 90              	mov	a,090h
   165  0018A  24 05              	add	a,#-(251)
   166  0018C  70 0C              	bnz	u71
   167  0018E  80 00              	jmp	u70
   168  00190                     u70:
   169  00190  E5 23              	mov	a,?a_main+2+1
   170  00192  45 22              	orl	a,?a_main+2
   171  00194  70 04              	bnz	u81
   172  00196  80 00              	jmp	u80
   173  00198                     u80:
   174  00198  80 04              	jmp	u90
   175  0019A                     u71:
   176  0019A                     u81:
   177  0019A  80 00              	jmp	u91
   178  0019C                     u91:
   179  0019C  80 15              	jmp	l8
   180  0019E                     u90:
   181                           ;main.c: 35: {
   182                           
   183                           ;main.c: 36: P0=0x01;
   184                           
   185                           	line	36
   186  0019E  75 80 01           	mov	080h,#1
   187                           ;main.c: 37: P2=0x3;
   188                           
   189                           	line	37
   190  001A1  75 A0 03           	mov	0A0h,#3
   191                           ;main.c: 38: P2=0x2;
   192                           
   193                           	line	38
   194  001A4  75 A0 02           	mov	0A0h,#2
   195                           ;main.c: 39: i = 6;
   196                           
   197                           	line	39
   198  001A7  75 20  00          	mov	?a_main+0,#high(6)
   199  001AA  75 21  06          	mov	?a_main+0+1,#low(6)
   200                           ;main.c: 40: flag=1;
   201                           
   202                           	line	40
   203  001AD  75 22  00          	mov	?a_main+2,#high(1)
   204  001B0  75 23  01          	mov	?a_main+2+1,#low(1)
   205                           	line	41
   206  001B3                     l8:
   207                           ;main.c: 41: }
   208                           
   209                           ;main.c: 42: if(P1 == 0xF7 && flag==0)
   210                           
   211                           	line	42
   212  001B3  E5 90              	mov	a,090h
   213  001B5  24 09              	add	a,#-(247)
   214  001B7  70 0C              	bnz	u101
   215  001B9  80 00              	jmp	u100
   216  001BB                     u100:
   217  001BB  E5 23              	mov	a,?a_main+2+1
   218  001BD  45 22              	orl	a,?a_main+2
   219  001BF  70 04              	bnz	u111
   220  001C1  80 00              	jmp	u110
   221  001C3                     u110:
   222  001C3  80 04              	jmp	u120
   223  001C5                     u101:
   224  001C5                     u111:
   225  001C5  80 00              	jmp	u121
   226  001C7                     u121:
   227  001C7  80 15              	jmp	l9
   228  001C9                     u120:
   229                           ;main.c: 43: {
   230                           
   231                           ;main.c: 44: P0=0x01;
   232                           
   233                           	line	44
   234  001C9  75 80 01           	mov	080h,#1
   235                           ;main.c: 45: P2=0x3;
   236                           
   237                           	line	45
   238  001CC  75 A0 03           	mov	0A0h,#3
   239                           ;main.c: 46: P2=0x2;
   240                           
   241                           	line	46
   242  001CF  75 A0 02           	mov	0A0h,#2
   243                           ;main.c: 47: i = 9;
   244                           
   245                           	line	47
   246  001D2  75 20  00          	mov	?a_main+0,#high(9)
   247  001D5  75 21  09          	mov	?a_main+0+1,#low(9)
   248                           ;main.c: 48: flag=1;
   249                           
   250                           	line	48
   251  001D8  75 22  00          	mov	?a_main+2,#high(1)
   252  001DB  75 23  01          	mov	?a_main+2+1,#low(1)
   253                           	line	49
   254  001DE                     l9:
   255                           ;main.c: 49: }
   256                           
   257                           ;main.c: 51: if(P1 == 0xEF && flag==0)
   258                           
   259                           	line	51
   260  001DE  E5 90              	mov	a,090h
   261  001E0  24 11              	add	a,#-(239)
   262  001E2  70 0C              	bnz	u131
   263  001E4  80 00              	jmp	u130
   264  001E6                     u130:
   265  001E6  E5 23              	mov	a,?a_main+2+1
   266  001E8  45 22              	orl	a,?a_main+2
   267  001EA  70 04              	bnz	u141
   268  001EC  80 00              	jmp	u140
   269  001EE                     u140:
   270  001EE  80 04              	jmp	u150
   271  001F0                     u131:
   272  001F0                     u141:
   273  001F0  80 00              	jmp	u151
   274  001F2                     u151:
   275  001F2  80 15              	jmp	l10
   276  001F4                     u150:
   277                           ;main.c: 52: {
   278                           
   279                           ;main.c: 53: P0=0x01;
   280                           
   281                           	line	53
   282  001F4  75 80 01           	mov	080h,#1
   283                           ;main.c: 54: P2=0x3;
   284                           
   285                           	line	54
   286  001F7  75 A0 03           	mov	0A0h,#3
   287                           ;main.c: 55: P2=0x2;
   288                           
   289                           	line	55
   290  001FA  75 A0 02           	mov	0A0h,#2
   291                           ;main.c: 56: i = 12;
   292                           
   293                           	line	56
   294  001FD  75 20  00          	mov	?a_main+0,#high(12)
   295  00200  75 21  0C          	mov	?a_main+0+1,#low(12)
   296                           ;main.c: 57: flag=1;
   297                           
   298                           	line	57
   299  00203  75 22  00          	mov	?a_main+2,#high(1)
   300  00206  75 23  01          	mov	?a_main+2+1,#low(1)
   301                           	line	58
   302  00209                     l10:
   303                           ;main.c: 58: }
   304                           
   305                           ;main.c: 60: P3 = 0xFD;
   306                           
   307                           	line	60
   308  00209  75 B0 FD           	mov	0B0h,#253
   309                           ;main.c: 61: if(P1 == 0xFE && flag==0)
   310                           
   311                           	line	61
   312  0020C  E5 90              	mov	a,090h
   313  0020E  24 02              	add	a,#-(254)
   314  00210  70 0C              	bnz	u161
   315  00212  80 00              	jmp	u160
   316  00214                     u160:
   317  00214  E5 23              	mov	a,?a_main+2+1
   318  00216  45 22              	orl	a,?a_main+2
   319  00218  70 04              	bnz	u171
   320  0021A  80 00              	jmp	u170
   321  0021C                     u170:
   322  0021C  80 04              	jmp	u180
   323  0021E                     u161:
   324  0021E                     u171:
   325  0021E  80 00              	jmp	u181
   326  00220                     u181:
   327  00220  80 15              	jmp	l11
   328  00222                     u180:
   329                           ;main.c: 62: {
   330                           
   331                           ;main.c: 63: P0=0x01;
   332                           
   333                           	line	63
   334  00222  75 80 01           	mov	080h,#1
   335                           ;main.c: 64: P2=0x3;
   336                           
   337                           	line	64
   338  00225  75 A0 03           	mov	0A0h,#3
   339                           ;main.c: 65: P2=0x2;
   340                           
   341                           	line	65
   342  00228  75 A0 02           	mov	0A0h,#2
   343                           ;main.c: 66: i = 1;
   344                           
   345                           	line	66
   346  0022B  75 20  00          	mov	?a_main+0,#high(1)
   347  0022E  75 21  01          	mov	?a_main+0+1,#low(1)
   348                           ;main.c: 67: flag = 1;
   349                           
   350                           	line	67
   351  00231  75 22  00          	mov	?a_main+2,#high(1)
   352  00234  75 23  01          	mov	?a_main+2+1,#low(1)
   353                           	line	68
   354  00237                     l11:
   355                           ;main.c: 68: }
   356                           
   357                           ;main.c: 69: if(P1 == 0xFD && flag==0)
   358                           
   359                           	line	69
   360  00237  E5 90              	mov	a,090h
   361  00239  24 03              	add	a,#-(253)
   362  0023B  70 0C              	bnz	u191
   363  0023D  80 00              	jmp	u190
   364  0023F                     u190:
   365  0023F  E5 23              	mov	a,?a_main+2+1
   366  00241  45 22              	orl	a,?a_main+2
   367  00243  70 04              	bnz	u201
   368  00245  80 00              	jmp	u200
   369  00247                     u200:
   370  00247  80 04              	jmp	u210
   371  00249                     u191:
   372  00249                     u201:
   373  00249  80 00              	jmp	u211
   374  0024B                     u211:
   375  0024B  80 15              	jmp	l12
   376  0024D                     u210:
   377                           ;main.c: 70: {
   378                           
   379                           ;main.c: 71: P0=0x01;
   380                           
   381                           	line	71
   382  0024D  75 80 01           	mov	080h,#1
   383                           ;main.c: 72: P2=0x3;
   384                           
   385                           	line	72
   386  00250  75 A0 03           	mov	0A0h,#3
   387                           ;main.c: 73: P2=0x2;
   388                           
   389                           	line	73
   390  00253  75 A0 02           	mov	0A0h,#2
   391                           ;main.c: 74: i = 4;
   392                           
   393                           	line	74
   394  00256  75 20  00          	mov	?a_main+0,#high(4)
   395  00259  75 21  04          	mov	?a_main+0+1,#low(4)
   396                           ;main.c: 75: flag=1;
   397                           
   398                           	line	75
   399  0025C  75 22  00          	mov	?a_main+2,#high(1)
   400  0025F  75 23  01          	mov	?a_main+2+1,#low(1)
   401                           	line	76
   402  00262                     l12:
   403                           ;main.c: 76: }
   404                           
   405                           ;main.c: 77: if(P1 == 0xFB && flag==0)
   406                           
   407                           	line	77
   408  00262  E5 90              	mov	a,090h
   409  00264  24 05              	add	a,#-(251)
   410  00266  70 0C              	bnz	u221
   411  00268  80 00              	jmp	u220
   412  0026A                     u220:
   413  0026A  E5 23              	mov	a,?a_main+2+1
   414  0026C  45 22              	orl	a,?a_main+2
   415  0026E  70 04              	bnz	u231
   416  00270  80 00              	jmp	u230
   417  00272                     u230:
   418  00272  80 04              	jmp	u240
   419  00274                     u221:
   420  00274                     u231:
   421  00274  80 00              	jmp	u241
   422  00276                     u241:
   423  00276  80 15              	jmp	l13
   424  00278                     u240:
   425                           ;main.c: 78: {
   426                           
   427                           ;main.c: 79: P0=0x01;
   428                           
   429                           	line	79
   430  00278  75 80 01           	mov	080h,#1
   431                           ;main.c: 80: P2=0x3;
   432                           
   433                           	line	80
   434  0027B  75 A0 03           	mov	0A0h,#3
   435                           ;main.c: 81: P2=0x2;
   436                           
   437                           	line	81
   438  0027E  75 A0 02           	mov	0A0h,#2
   439                           ;main.c: 82: i = 7;
   440                           
   441                           	line	82
   442  00281  75 20  00          	mov	?a_main+0,#high(7)
   443  00284  75 21  07          	mov	?a_main+0+1,#low(7)
   444                           ;main.c: 83: flag=1;
   445                           
   446                           	line	83
   447  00287  75 22  00          	mov	?a_main+2,#high(1)
   448  0028A  75 23  01          	mov	?a_main+2+1,#low(1)
   449                           	line	84
   450  0028D                     l13:
   451                           ;main.c: 84: }
   452                           
   453                           ;main.c: 86: if(P1 == 0xF7 && flag==0)
   454                           
   455                           	line	86
   456  0028D  E5 90              	mov	a,090h
   457  0028F  24 09              	add	a,#-(247)
   458  00291  70 0C              	bnz	u251
   459  00293  80 00              	jmp	u250
   460  00295                     u250:
   461  00295  E5 23              	mov	a,?a_main+2+1
   462  00297  45 22              	orl	a,?a_main+2
   463  00299  70 04              	bnz	u261
   464  0029B  80 00              	jmp	u260
   465  0029D                     u260:
   466  0029D  80 04              	jmp	u270
   467  0029F                     u251:
   468  0029F                     u261:
   469  0029F  80 00              	jmp	u271
   470  002A1                     u271:
   471  002A1  80 15              	jmp	l14
   472  002A3                     u270:
   473                           ;main.c: 87: {
   474                           
   475                           ;main.c: 88: P0=0x01;
   476                           
   477                           	line	88
   478  002A3  75 80 01           	mov	080h,#1
   479                           ;main.c: 89: P2=0x3;
   480                           
   481                           	line	89
   482  002A6  75 A0 03           	mov	0A0h,#3
   483                           ;main.c: 90: P2=0x2;
   484                           
   485                           	line	90
   486  002A9  75 A0 02           	mov	0A0h,#2
   487                           ;main.c: 91: i = 10;
   488                           
   489                           	line	91
   490  002AC  75 20  00          	mov	?a_main+0,#high(10)
   491  002AF  75 21  0A          	mov	?a_main+0+1,#low(10)
   492                           ;main.c: 92: flag=1;
   493                           
   494                           	line	92
   495  002B2  75 22  00          	mov	?a_main+2,#high(1)
   496  002B5  75 23  01          	mov	?a_main+2+1,#low(1)
   497                           	line	93
   498  002B8                     l14:
   499                           ;main.c: 93: }
   500                           
   501                           ;main.c: 95: if(P1 == 0xEF && flag==0)
   502                           
   503                           	line	95
   504  002B8  E5 90              	mov	a,090h
   505  002BA  24 11              	add	a,#-(239)
   506  002BC  70 0C              	bnz	u281
   507  002BE  80 00              	jmp	u280
   508  002C0                     u280:
   509  002C0  E5 23              	mov	a,?a_main+2+1
   510  002C2  45 22              	orl	a,?a_main+2
   511  002C4  70 04              	bnz	u291
   512  002C6  80 00              	jmp	u290
   513  002C8                     u290:
   514  002C8  80 04              	jmp	u300
   515  002CA                     u281:
   516  002CA                     u291:
   517  002CA  80 00              	jmp	u301
   518  002CC                     u301:
   519  002CC  80 15              	jmp	l15
   520  002CE                     u300:
   521                           ;main.c: 96: {
   522                           
   523                           ;main.c: 97: P0=0x01;
   524                           
   525                           	line	97
   526  002CE  75 80 01           	mov	080h,#1
   527                           ;main.c: 98: P2=0x3;
   528                           
   529                           	line	98
   530  002D1  75 A0 03           	mov	0A0h,#3
   531                           ;main.c: 99: P2=0x2;
   532                           
   533                           	line	99
   534  002D4  75 A0 02           	mov	0A0h,#2
   535                           ;main.c: 100: i = 13;
   536                           
   537                           	line	100
   538  002D7  75 20  00          	mov	?a_main+0,#high(13)
   539  002DA  75 21  0D          	mov	?a_main+0+1,#low(13)
   540                           ;main.c: 101: flag=1;
   541                           
   542                           	line	101
   543  002DD  75 22  00          	mov	?a_main+2,#high(1)
   544  002E0  75 23  01          	mov	?a_main+2+1,#low(1)
   545                           	line	102
   546  002E3                     l15:
   547                           ;main.c: 102: }
   548                           
   549                           ;main.c: 104: P3 = 0xFB;
   550                           
   551                           	line	104
   552  002E3  75 B0 FB           	mov	0B0h,#251
   553                           ;main.c: 105: if(P1 == 0xFE && flag==0)
   554                           
   555                           	line	105
   556  002E6  E5 90              	mov	a,090h
   557  002E8  24 02              	add	a,#-(254)
   558  002EA  70 0C              	bnz	u311
   559  002EC  80 00              	jmp	u310
   560  002EE                     u310:
   561  002EE  E5 23              	mov	a,?a_main+2+1
   562  002F0  45 22              	orl	a,?a_main+2
   563  002F2  70 04              	bnz	u321
   564  002F4  80 00              	jmp	u320
   565  002F6                     u320:
   566  002F6  80 04              	jmp	u330
   567  002F8                     u311:
   568  002F8                     u321:
   569  002F8  80 00              	jmp	u331
   570  002FA                     u331:
   571  002FA  80 15              	jmp	l16
   572  002FC                     u330:
   573                           ;main.c: 106: {
   574                           
   575                           ;main.c: 107: P0=0x01;
   576                           
   577                           	line	107
   578  002FC  75 80 01           	mov	080h,#1
   579                           ;main.c: 108: P2=0x3;
   580                           
   581                           	line	108
   582  002FF  75 A0 03           	mov	0A0h,#3
   583                           ;main.c: 109: P2=0x2;
   584                           
   585                           	line	109
   586  00302  75 A0 02           	mov	0A0h,#2
   587                           ;main.c: 110: i = 2;
   588                           
   589                           	line	110
   590  00305  75 20  00          	mov	?a_main+0,#high(2)
   591  00308  75 21  02          	mov	?a_main+0+1,#low(2)
   592                           ;main.c: 111: flag=1;
   593                           
   594                           	line	111
   595  0030B  75 22  00          	mov	?a_main+2,#high(1)
   596  0030E  75 23  01          	mov	?a_main+2+1,#low(1)
   597                           	line	112
   598  00311                     l16:
   599                           ;main.c: 112: }
   600                           
   601                           ;main.c: 114: if(P1 == 0xFD && flag==0)
   602                           
   603                           	line	114
   604  00311  E5 90              	mov	a,090h
   605  00313  24 03              	add	a,#-(253)
   606  00315  70 0C              	bnz	u341
   607  00317  80 00              	jmp	u340
   608  00319                     u340:
   609  00319  E5 23              	mov	a,?a_main+2+1
   610  0031B  45 22              	orl	a,?a_main+2
   611  0031D  70 04              	bnz	u351
   612  0031F  80 00              	jmp	u350
   613  00321                     u350:
   614  00321  80 04              	jmp	u360
   615  00323                     u341:
   616  00323                     u351:
   617  00323  80 00              	jmp	u361
   618  00325                     u361:
   619  00325  80 15              	jmp	l17
   620  00327                     u360:
   621                           ;main.c: 115: {
   622                           
   623                           ;main.c: 116: P0=0x01;
   624                           
   625                           	line	116
   626  00327  75 80 01           	mov	080h,#1
   627                           ;main.c: 117: P2=0x3;
   628                           
   629                           	line	117
   630  0032A  75 A0 03           	mov	0A0h,#3
   631                           ;main.c: 118: P2=0x2;
   632                           
   633                           	line	118
   634  0032D  75 A0 02           	mov	0A0h,#2
   635                           ;main.c: 119: i = 5;
   636                           
   637                           	line	119
   638  00330  75 20  00          	mov	?a_main+0,#high(5)
   639  00333  75 21  05          	mov	?a_main+0+1,#low(5)
   640                           ;main.c: 120: flag=1;
   641                           
   642                           	line	120
   643  00336  75 22  00          	mov	?a_main+2,#high(1)
   644  00339  75 23  01          	mov	?a_main+2+1,#low(1)
   645                           	line	121
   646  0033C                     l17:
   647                           ;main.c: 121: }
   648                           
   649                           ;main.c: 123: if(P1 == 0xFB && flag==0)
   650                           
   651                           	line	123
   652  0033C  E5 90              	mov	a,090h
   653  0033E  24 05              	add	a,#-(251)
   654  00340  70 0C              	bnz	u371
   655  00342  80 00              	jmp	u370
   656  00344                     u370:
   657  00344  E5 23              	mov	a,?a_main+2+1
   658  00346  45 22              	orl	a,?a_main+2
   659  00348  70 04              	bnz	u381
   660  0034A  80 00              	jmp	u380
   661  0034C                     u380:
   662  0034C  80 04              	jmp	u390
   663  0034E                     u371:
   664  0034E                     u381:
   665  0034E  80 00              	jmp	u391
   666  00350                     u391:
   667  00350  80 15              	jmp	l18
   668  00352                     u390:
   669                           ;main.c: 124: {
   670                           
   671                           ;main.c: 125: P0=0x01;
   672                           
   673                           	line	125
   674  00352  75 80 01           	mov	080h,#1
   675                           ;main.c: 126: P2=0x3;
   676                           
   677                           	line	126
   678  00355  75 A0 03           	mov	0A0h,#3
   679                           ;main.c: 127: P2=0x2;
   680                           
   681                           	line	127
   682  00358  75 A0 02           	mov	0A0h,#2
   683                           ;main.c: 128: i = 8;
   684                           
   685                           	line	128
   686  0035B  75 20  00          	mov	?a_main+0,#high(8)
   687  0035E  75 21  08          	mov	?a_main+0+1,#low(8)
   688                           ;main.c: 129: flag=1;
   689                           
   690                           	line	129
   691  00361  75 22  00          	mov	?a_main+2,#high(1)
   692  00364  75 23  01          	mov	?a_main+2+1,#low(1)
   693                           	line	130
   694  00367                     l18:
   695                           ;main.c: 130: }
   696                           
   697                           ;main.c: 132: if(P1 == 0xF7 && flag==0)
   698                           
   699                           	line	132
   700  00367  E5 90              	mov	a,090h
   701  00369  24 09              	add	a,#-(247)
   702  0036B  70 0C              	bnz	u401
   703  0036D  80 00              	jmp	u400
   704  0036F                     u400:
   705  0036F  E5 23              	mov	a,?a_main+2+1
   706  00371  45 22              	orl	a,?a_main+2
   707  00373  70 04              	bnz	u411
   708  00375  80 00              	jmp	u410
   709  00377                     u410:
   710  00377  80 04              	jmp	u420
   711  00379                     u401:
   712  00379                     u411:
   713  00379  80 00              	jmp	u421
   714  0037B                     u421:
   715  0037B  80 15              	jmp	l19
   716  0037D                     u420:
   717                           ;main.c: 133: {
   718                           
   719                           ;main.c: 134: P0=0x01;
   720                           
   721                           	line	134
   722  0037D  75 80 01           	mov	080h,#1
   723                           ;main.c: 135: P2=0x3;
   724                           
   725                           	line	135
   726  00380  75 A0 03           	mov	0A0h,#3
   727                           ;main.c: 136: P2=0x2;
   728                           
   729                           	line	136
   730  00383  75 A0 02           	mov	0A0h,#2
   731                           ;main.c: 137: i = 11;
   732                           
   733                           	line	137
   734  00386  75 20  00          	mov	?a_main+0,#high(11)
   735  00389  75 21  0B          	mov	?a_main+0+1,#low(11)
   736                           ;main.c: 138: flag=1;
   737                           
   738                           	line	138
   739  0038C  75 22  00          	mov	?a_main+2,#high(1)
   740  0038F  75 23  01          	mov	?a_main+2+1,#low(1)
   741                           	line	139
   742  00392                     l19:
   743                           ;main.c: 139: }
   744                           
   745                           ;main.c: 141: if(P1 == 0xEF && flag==0)
   746                           
   747                           	line	141
   748  00392  E5 90              	mov	a,090h
   749  00394  24 11              	add	a,#-(239)
   750  00396  70 0C              	bnz	u431
   751  00398  80 00              	jmp	u430
   752  0039A                     u430:
   753  0039A  E5 23              	mov	a,?a_main+2+1
   754  0039C  45 22              	orl	a,?a_main+2
   755  0039E  70 04              	bnz	u441
   756  003A0  80 00              	jmp	u440
   757  003A2                     u440:
   758  003A2  80 04              	jmp	u450
   759  003A4                     u431:
   760  003A4                     u441:
   761  003A4  80 00              	jmp	u451
   762  003A6                     u451:
   763  003A6  80 15              	jmp	l20
   764  003A8                     u450:
   765                           ;main.c: 142: {
   766                           
   767                           ;main.c: 143: P0=0x01;
   768                           
   769                           	line	143
   770  003A8  75 80 01           	mov	080h,#1
   771                           ;main.c: 144: P2=0x3;
   772                           
   773                           	line	144
   774  003AB  75 A0 03           	mov	0A0h,#3
   775                           ;main.c: 145: P2=0x2;
   776                           
   777                           	line	145
   778  003AE  75 A0 02           	mov	0A0h,#2
   779                           ;main.c: 146: i = 14;
   780                           
   781                           	line	146
   782  003B1  75 20  00          	mov	?a_main+0,#high(14)
   783  003B4  75 21  0E          	mov	?a_main+0+1,#low(14)
   784                           ;main.c: 147: flag=1;
   785                           
   786                           	line	147
   787  003B7  75 22  00          	mov	?a_main+2,#high(1)
   788  003BA  75 23  01          	mov	?a_main+2+1,#low(1)
   789                           	line	148
   790  003BD                     l20:
   791                           ;main.c: 148: }
   792                           
   793                           ;main.c: 150: if(i!=-1)
   794                           
   795                           	line	150
   796  003BD  E5 21              	mov	a,?a_main+0+1
   797  003BF  B4 FF 09           	cbne	a,#low (65535),u460
   798  003C2  E5 20              	mov	a,?a_main+0
   799  003C4  B4 FF 04           	cbne	a,#high (65535),u460
   800  003C7  80 00              	jmp	u461
   801  003C9                     u461:
   802  003C9  80 29              	jmp	l21
   803  003CB                     u460:
   804                           ;main.c: 151: {
   805                           
   806                           ;main.c: 152: P0 = 0x0C;
   807                           
   808                           	line	152
   809  003CB  75 80 0C           	mov	080h,#12
   810                           ;main.c: 153: P2 = 0x1;
   811                           
   812                           	line	153
   813  003CE  75 A0 01           	mov	0A0h,#1
   814                           ;main.c: 154: P2 = 0x0;
   815                           
   816                           	line	154
   817  003D1  75 A0 00           	mov	0A0h,#0
   818                           ;main.c: 155: P0 = 0x80;
   819                           
   820                           	line	155
   821  003D4  75 80 80           	mov	080h,#128
   822                           ;main.c: 156: P2 = 0x1;
   823                           
   824                           	line	156
   825  003D7  75 A0 01           	mov	0A0h,#1
   826                           ;main.c: 157: P2 = 0x0;
   827                           
   828                           	line	157
   829  003DA  75 A0 00           	mov	0A0h,#0
   830                           ;main.c: 158: P0 = str[i];
   831                           
   832                           	line	158
   833  003DD  E5 21              	mov	a,?a_main+0+1
   834  003DF  25 25              	add	a,?a_main+4+1
   835  003E1  F5 82              	mov	dpl,a
   836  003E3  E5 20              	mov	a,?a_main+0
   837  003E5  35 24              	addc	a,?a_main+4
   838  003E7  F5 83              	mov	dph,a
   839                           	global	ldc_byte
   840  003E9  12 0003            	call	ldc_byte
   841+ 003EC  F5 80              	mov	080h,a
   842                           ;main.c: 159: P2 = 0x3;
   843                           
   844                           	line	159
   845  003EE  75 A0 03           	mov	0A0h,#3
   846                           ;main.c: 160: P2 = 0x2;
   847                           
   848                           	line	160
   849  003F1  75 A0 02           	mov	0A0h,#2
   850                           	line	161
   851  003F4                     l21:
   852                           	line	162
   853  003F4                     l3:
   854                           	line	13
   855  003F4  02 0125            	jmp	l4
   856  003F7                     l5:
   857                           ;main.c: 161: }
   858                           
   859                           ;main.c: 162: }
   860                           
   861                           ;main.c: 163: }
   862                           
   863                           	line	163
   864  003F7                     l2:
   865  003F7  22                 	ret
   866  003F8                     f1411:
   867  003F8  02 0113            	j	f1410
   868                           	FNSIZE	_main,6,0
   869                           	global	?a_main
   870  0000                     f1412	equ	0
   871                           	psect	strings,class=CODE
   872                           	psect	strings
   873  00100                     u19:
   874  00100  31 32 33 34 35 36  	db	"123456789ABCDEF",0
              37 38 39 41 42 43  
              44 45 46 00        
   875  0000                     _A10	equ	162
   876  0000                     _A11	equ	163
   877  0000                     _A12	equ	164
   878  0000                     _A13	equ	165
   879  0000                     _A14	equ	166
   880  0000                     _A15	equ	167
   881  0000                     _A8	equ	160
   882  0000                     _A9	equ	161
   883  0000                     _AC	equ	214
   884  0000                     _ACC0	equ	224
   885  0000                     _ACC1	equ	225
   886  0000                     _ACC2	equ	226
   887  0000                     _ACC3	equ	227
   888  0000                     _ACC4	equ	228
   889  0000                     _ACC5	equ	229
   890  0000                     _ACC6	equ	230
   891  0000                     _ACC7	equ	231
   892  0000                     _AD0	equ	128
   893  0000                     _AD1	equ	129
   894  0000                     _AD2	equ	130
   895  0000                     _AD3	equ	131
   896  0000                     _AD4	equ	132
   897  0000                     _AD5	equ	133
   898  0000                     _AD6	equ	134
   899  0000                     _AD7	equ	135
   900  0000                     _B0	equ	240
   901  0000                     _B1	equ	241
   902  0000                     _B2	equ	242
   903  0000                     _B3	equ	243
   904  0000                     _B4	equ	244
   905  0000                     _B5	equ	245
   906  0000                     _B6	equ	246
   907  0000                     _B7	equ	247
   908  0000                     _CY	equ	215
   909  0000                     _EA	equ	175
   910  0000                     _ES	equ	172
   911  0000                     _ET0	equ	169
   912  0000                     _ET1	equ	171
   913  0000                     _EX0	equ	168
   914  0000                     _EX1	equ	170
   915  0000                     _F0	equ	213
   916  0000                     _IE0	equ	137
   917  0000                     _IE1	equ	139
   918  0000                     _INT0	equ	178
   919  0000                     _INT1	equ	179
   920  0000                     _IT0	equ	136
   921  0000                     _IT1	equ	138
   922  0000                     _OV	equ	210
   923  0000                     _P	equ	208
   924  0000                     _P00	equ	128
   925  0000                     _P01	equ	129
   926  0000                     _P02	equ	130
   927  0000                     _P03	equ	131
   928  0000                     _P04	equ	132
   929  0000                     _P05	equ	133
   930  0000                     _P06	equ	134
   931  0000                     _P07	equ	135
   932  0000                     _P10	equ	144
   933  0000                     _P11	equ	145
   934  0000                     _P12	equ	146
   935  0000                     _P13	equ	147
   936  0000                     _P14	equ	148
   937  0000                     _P15	equ	149
   938  0000                     _P16	equ	150
   939  0000                     _P17	equ	151
   940  0000                     _P20	equ	160
   941  0000                     _P21	equ	161
   942  0000                     _P22	equ	162
   943  0000                     _P23	equ	163
   944  0000                     _P24	equ	164
   945  0000                     _P25	equ	165
   946  0000                     _P26	equ	166
   947  0000                     _P27	equ	167
   948  0000                     _P30	equ	176
   949  0000                     _P31	equ	177
   950  0000                     _P32	equ	178
   951  0000                     _P33	equ	179
   952  0000                     _P34	equ	180
   953  0000                     _P35	equ	181
   954  0000                     _P36	equ	182
   955  0000                     _P37	equ	183
   956  0000                     _PS	equ	188
   957  0000                     _PT0	equ	185
   958  0000                     _PT1	equ	187
   959  0000                     _PX0	equ	184
   960  0000                     _PX1	equ	186
   961  0000                     _RB8	equ	154
   962  0000                     _RD	equ	183
   963  0000                     _REN	equ	156
   964  0000                     _RI	equ	152
   965  0000                     _RS0	equ	211
   966  0000                     _RS1	equ	212
   967  0000                     _RXD	equ	176
   968  0000                     _SM0	equ	159
   969  0000                     _SM1	equ	158
   970  0000                     _SM2	equ	157
   971  0000                     _T0	equ	180
   972  0000                     _T1	equ	181
   973  0000                     _TB8	equ	155
   974  0000                     _TF0	equ	141
   975  0000                     _TF1	equ	143
   976  0000                     _TI	equ	153
   977  0000                     _TR0	equ	140
   978  0000                     _TR1	equ	142
   979  0000                     _TXD	equ	177
   980  0000                     _WR	equ	182
   981  0000                     _ACC	equ	224
   982  0000                     _B	equ	240
   983  0000                     _DPH	equ	131
   984  0000                     _DPL	equ	130
   985  0000                     _IE	equ	168
   986  0000                     _IP	equ	184
   987  0000                     _P0	equ	128
   988  0000                     _P1	equ	144
   989  0000                     _P2	equ	160
   990  0000                     _P3	equ	176
   991  0000                     _PCON	equ	135
   992  0000                     _PSW	equ	208
   993  0000                     _SBUF	equ	153
   994  0000                     _SCON	equ	152
   995  0000                     _SP	equ	129
   996  0000                     _TCON	equ	136
   997  0000                     _TH0	equ	140
   998  0000                     _TH1	equ	141
   999  0000                     _TL0	equ	138
  1000  0000                     _TL1	equ	139
  1001  0000                     _TMOD	equ	137
  1002  0000                     _ACC_BITS	equ	224
  1003  0000                     _B_BITS	equ	240
  1004  0000                     _IE_BITS	equ	168
  1005  0000                     _IP_BITS	equ	184
  1006  0000                     _P0_BITS	equ	128
  1007  0000                     _P1_BITS	equ	144
  1008  0000                     _P2_BITS	equ	160
  1009  0000                     _P3_BITS	equ	176
  1010  0000                     _PCON_BITS	equ	135
  1011  0000                     _PSW_BITS	equ	208
  1012  0000                     _SCON_BITS	equ	152
  1013  0000                     _TCON_BITS	equ	136
  1014  0000                     _TMOD_BITS	equ	137


HI-TECH Software 8051 Macro Assembler V9.60                                Page 2
Symbol Table                                           Tue Apr 04 13:22:47 2023

       ?a_main 00020              _B 000F0              l2 003F7  
            l3 003F4              l4 00125              l5 003F7  
            _P 000D0              l6 0015D              l7 00188  
            l8 001B3              l9 001DE             _B0 000F0  
           _B1 000F1             _B2 000F2             _B3 000F3  
           _B4 000F4             _B5 000F5             _B6 000F6  
           _A8 000A0             _B7 000F7             _A9 000A1  
           _F0 000D5             _AC 000D6             l10 00209  
           l11 00237             l20 003BD             l12 00262  
           l21 003F4             l13 0028D             l14 002B8  
           _EA 000AF             l15 002E3             l16 00311  
           l17 0033C             l18 00367             l19 00392  
           _P0 00080             _P1 00090             _P2 000A0  
           _P3 000B0             _IE 000A8             _T0 000B4  
           _T1 000B5             _ES 000AC             _CY 000D7  
           _IP 000B8             _RD 000B7             u10 0013B  
           u11 00145             u20 00143             _RI 00098  
           u21 00145             u30 00149             u31 00147  
           u40 00165             _TI 00099             u41 0016F  
           u50 0016D             _PS 000BC             u51 0016F  
           u19 00100             _OV 000D2             u60 00173  
           u61 00171             _SP 00081             u70 00190  
           u71 0019A             u80 00198             u81 0019A  
           u90 0019E             u91 0019C             _WR 000B6  
       _B_BITS 000F0            _A10 000A2            _A11 000A3  
          _A12 000A4            _A13 000A5            _A14 000A6  
          _A15 000A7            _AD0 00080            _AD1 00081  
          _AD2 00082            _AD3 00083            _AD4 00084  
          _AD5 00085            _AD6 00086            _AD7 00087  
          _ACC 000E0            _P00 00080            _P01 00081  
          _P10 00090            _P02 00082            _P11 00091  
          _P03 00083            _P20 000A0            _P12 00092  
          _P04 00084            _P21 000A1            _P13 00093  
          _P05 00085            _P30 000B0            _P22 000A2  
          _P14 00094            _P06 00086            _P31 000B1  
          _P23 000A3            _P15 00095            _P07 00087  
          _P32 000B2            _P24 000A4            _P16 00096  
          _P33 000B3            _P25 000A5            _P17 00097  
          _P34 000B4            _P26 000A6            _P35 000B5  
          _P27 000A7            _P36 000B6            _P37 000B7  
          _IE0 00089            _IE1 0008B            _ET0 000A9  
          _ET1 000AB            _EX0 000A8            _EX1 000AA  
          _DPH 00083            _DPL 00082            _IT0 00088  
          _IT1 0008A            _RB8 0009A            u100 001BB  
          u101 001C5            u110 001C3            u111 001C5  
          u200 00247            u120 001C9            u201 00249  
          u121 001C7            u210 0024D            u130 001E6  
          u211 0024B            u131 001F0            _TF0 0008D  
          _TB8 0009B            u300 002CE            u220 0026A  
          u140 001EE            _TF1 0008F            u301 002CC  
          u221 00274            u141 001F0            u310 002EE  
          u230 00272            u150 001F4            u311 002F8  
          u231 00274            u151 001F2            _TH0 0008C  
          u400 0036F            u320 002F6            u240 00278  
          u160 00214            _TH1 0008D            u401 00379  
          u321 002F8            u241 00276            u161 0021E  
          u410 00377            u330 002FC            u250 00295  
          u170 0021C            u411 00379            u331 002FA  
          u251 0029F            u171 0021E            u420 0037D  
          u340 00319            u260 0029D            u180 00222  
          u421 0037B            u341 00323            u261 0029F  
          u181 00220            _SM0 0009F            u430 0039A  
          u350 00321            u270 002A3            u190 0023F  
          _SM1 0009E            u431 003A4            u351 00323  
          u271 002A1            u191 00249            _TL0 0008A  
          _SM2 0009D            _PT0 000B9            u440 003A2  
          u360 00327            u280 002C0            _TL1 0008B  
          _PT1 000BB            u441 003A4            u361 00325  
          u281 002CA            u450 003A8            u370 00344  
          u290 002C8            u451 003A6            u371 0034E  
          u291 002CA            u460 003CB            u380 0034C  
          u461 003C9            u381 0034E            _RS0 000D3  
          u390 00352            _RS1 000D4            u391 00350  
          _REN 0009C            _PX0 000B8            _PX1 000BA  
          _TR0 0008C            _TR1 0008E            _RXD 000B0  
          _PSW 000D0            _TXD 000B1        _P0_BITS 00080  
      _P1_BITS 00090        _P2_BITS 000A0        _P3_BITS 000B0  
      _IE_BITS 000A8       _ACC_BITS 000E0        _IP_BITS 000B8  
         f1410 00113           f1411 003F8           f1412 00000  
         _ACC0 000E0           _ACC1 000E1           _ACC2 000E2  
         _ACC3 000E3           _ACC4 000E4           _ACC5 000E5  
         _ACC6 000E6           _ACC7 000E7  stack_internal 00001  
         _INT0 000B2           _INT1 000B3           _PCON 00087  
         _SCON 00098           _SBUF 00099           _TCON 00088  
         _TMOD 00089           _main 00110       _PSW_BITS 000D0  
      ldc_byte 00003      _PCON_BITS 00087      _SCON_BITS 00098  
    _TCON_BITS 00088      _TMOD_BITS 00089  
